Microsoft Windows [版本 10.0.22631.5189]
(c) Microsoft Corporation。保留所有权利。

D:\Emily\lvgl_demo>